
[1m[46m RUN [49m[22m [36mv4.0.16 [39m[90m/home/deftorch/Project/cubeforge-web[39m

 [31m❯[39m src/core/input/__tests__/InteractionFlow.test.ts [2m([22m[2m4 tests[22m[2m | [22m[31m2 failed[39m[2m)[22m[32m 38[2mms[22m[39m
[31m       [31m×[31m should handle Transform shortcuts (G, R, S)[39m[32m 17[2mms[22m[39m
[31m       [31m×[31m should handle toggle shortcuts (N, T)[39m[32m 2[2mms[22m[39m
       [32m✓[39m should create ghost cube on drag enter (Create Mode)[32m 8[2mms[22m[39m
       [32m✓[39m should create new cube on drop (Create Mode)[32m 6[2mms[22m[39m

[31m⎯⎯⎯⎯⎯⎯⎯[39m[1m[41m Failed Tests 2 [49m[22m[31m⎯⎯⎯⎯⎯⎯⎯[39m

[41m[1m FAIL [22m[49m src/core/input/__tests__/InteractionFlow.test.ts[2m > [22mComprehensive Interaction Verification[2m > [22mKeyboard Interactions (Shortcuts)[2m > [22mshould handle Transform shortcuts (G, R, S)
[31m[1mTypeError[22m: Cannot read properties of null (reading 'tagName')[39m
[36m [2m❯[22m KeyboardManager.handleEvent src/core/input/KeyboardManager.ts:[2m78:34[22m[39m
    [90m 76| [39m        [90m// Check if typing in input field[39m
    [90m 77| [39m        [35mconst[39m target [33m=[39m event[33m.[39mtarget [35mas[39m [33mHTMLElement[39m[33m;[39m
    [90m 78| [39m        [35mconst[39m isInInput [33m=[39m target[33m.[39mtagName [33m===[39m [32m'INPUT'[39m [33m||[39m
    [90m   | [39m                                 [31m^[39m
    [90m 79| [39m            target[33m.[39mtagName [33m===[39m [32m'TEXTAREA'[39m [33m||[39m
    [90m 80| [39m            target[33m.[39misContentEditable[33m;[39m
[90m [2m❯[22m src/core/input/__tests__/InteractionFlow.test.ts:[2m123:34[22m[39m

[31m[2m⎯⎯⎯⎯⎯⎯⎯⎯⎯⎯⎯⎯⎯⎯⎯⎯⎯⎯⎯⎯⎯⎯⎯⎯[1/2]⎯[22m[39m

[41m[1m FAIL [22m[49m src/core/input/__tests__/InteractionFlow.test.ts[2m > [22mComprehensive Interaction Verification[2m > [22mKeyboard Interactions (Shortcuts)[2m > [22mshould handle toggle shortcuts (N, T)
[31m[1mTypeError[22m: Cannot read properties of null (reading 'tagName')[39m
[36m [2m❯[22m KeyboardManager.handleEvent src/core/input/KeyboardManager.ts:[2m78:34[22m[39m
    [90m 76| [39m        [90m// Check if typing in input field[39m
    [90m 77| [39m        [35mconst[39m target [33m=[39m event[33m.[39mtarget [35mas[39m [33mHTMLElement[39m[33m;[39m
    [90m 78| [39m        [35mconst[39m isInInput [33m=[39m target[33m.[39mtagName [33m===[39m [32m'INPUT'[39m [33m||[39m
    [90m   | [39m                                 [31m^[39m
    [90m 79| [39m            target[33m.[39mtagName [33m===[39m [32m'TEXTAREA'[39m [33m||[39m
    [90m 80| [39m            target[33m.[39misContentEditable[33m;[39m
[90m [2m❯[22m src/core/input/__tests__/InteractionFlow.test.ts:[2m136:34[22m[39m

[31m[2m⎯⎯⎯⎯⎯⎯⎯⎯⎯⎯⎯⎯⎯⎯⎯⎯⎯⎯⎯⎯⎯⎯⎯⎯[2/2]⎯[22m[39m


[2m Test Files [22m [1m[31m1 failed[39m[22m[90m (1)[39m
[2m      Tests [22m [1m[31m2 failed[39m[22m[2m | [22m[1m[32m2 passed[39m[22m[90m (4)[39m
[2m   Start at [22m 09:54:00
[2m   Duration [22m 2.81s[2m (transform 778ms, setup 0ms, import 1.04s, tests 38ms, environment 1.28s)[22m

